
> @systemprompt/systemprompt-mcp-server@1.0.1 build
> tsc && tsc-alias && chmod +x build/index.js && echo "export * from './config.js';
> export * from './oauth.js';
> export * from './mcp.js';
> export * from './auth-store.js';
> export * from './types.js';" > build/server/index.js

src/constants/sampling/code-generation-example.ts(21,3): error TS2322: Type '{ name: string; description: string; arguments: { name: string; description: string; required: boolean; }[]; messages: { role: string; content: { type: string; text: string; }; }[]; _meta: { callback: string; }; }' is not assignable to type 'SamplingPrompt'.
  Object literal may only specify known properties, and 'name' does not exist in type 'SamplingPrompt'.
src/constants/sampling/suggest-action.ts(4,3): error TS2322: Type '{ name: string; description: string; arguments: { name: string; description: string; required: boolean; }[]; messages: { role: string; content: { type: string; text: string; }; }[]; _meta: { callback: string; }; }' is not assignable to type 'SamplingPrompt'.
  Object literal may only specify known properties, and 'name' does not exist in type 'SamplingPrompt'.
src/constants/server/server-config.ts(16,57): error TS2307: Cannot find module '@modelcontextprotocol/sdk/types.js' or its corresponding type declarations.
src/constants/server/server-config.ts(44,18): error TS2580: Cannot find name 'process'. Do you need to install type definitions for node? Try `npm i --save-dev @types/node`.
src/constants/tool/get-channel.ts(1,27): error TS2307: Cannot find module '@modelcontextprotocol/sdk/types.js' or its corresponding type declarations.
src/constants/tool/get-comment.ts(1,27): error TS2307: Cannot find module '@modelcontextprotocol/sdk/types.js' or its corresponding type declarations.
src/constants/tool/get-notifications.ts(1,27): error TS2307: Cannot find module '@modelcontextprotocol/sdk/types.js' or its corresponding type declarations.
src/constants/tool/get-post.ts(12,27): error TS2307: Cannot find module '@modelcontextprotocol/sdk/types.js' or its corresponding type declarations.
src/constants/tool/logging.ts(12,27): error TS2307: Cannot find module '@modelcontextprotocol/sdk/types.js' or its corresponding type declarations.
src/constants/tool/mittwald/app/app-actions.ts(1,27): error TS2307: Cannot find module '@modelcontextprotocol/sdk/types.js' or its corresponding type declarations.
src/constants/tool/mittwald/app/app-installations.ts(1,27): error TS2307: Cannot find module '@modelcontextprotocol/sdk/types.js' or its corresponding type declarations.
src/constants/tool/mittwald/app/app-management.ts(1,27): error TS2307: Cannot find module '@modelcontextprotocol/sdk/types.js' or its corresponding type declarations.
src/constants/tool/mittwald/app/app-versions.ts(1,27): error TS2307: Cannot find module '@modelcontextprotocol/sdk/types.js' or its corresponding type declarations.
src/constants/tool/mittwald/app/system-software.ts(1,27): error TS2307: Cannot find module '@modelcontextprotocol/sdk/types.js' or its corresponding type declarations.
src/constants/tool/mittwald/container/registry-management.ts(7,27): error TS2307: Cannot find module '@modelcontextprotocol/sdk/types.js' or its corresponding type declarations.
src/constants/tool/mittwald/container/service-management.ts(7,27): error TS2307: Cannot find module '@modelcontextprotocol/sdk/types.js' or its corresponding type declarations.
src/constants/tool/mittwald/container/stack-management.ts(7,27): error TS2307: Cannot find module '@modelcontextprotocol/sdk/types.js' or its corresponding type declarations.
src/constants/tool/mittwald/container/volume-config-management.ts(7,27): error TS2307: Cannot find module '@modelcontextprotocol/sdk/types.js' or its corresponding type declarations.
src/constants/tool/mittwald/conversation/conversation-create.ts(1,27): error TS2307: Cannot find module '@modelcontextprotocol/sdk/types.js' or its corresponding type declarations.
src/constants/tool/mittwald/conversation/conversation-get.ts(1,27): error TS2307: Cannot find module '@modelcontextprotocol/sdk/types.js' or its corresponding type declarations.
src/constants/tool/mittwald/conversation/conversation-list.ts(1,27): error TS2307: Cannot find module '@modelcontextprotocol/sdk/types.js' or its corresponding type declarations.
src/constants/tool/mittwald/conversation/conversation-update.ts(1,27): error TS2307: Cannot find module '@modelcontextprotocol/sdk/types.js' or its corresponding type declarations.
src/constants/tool/mittwald/conversation/file-access-token.ts(1,27): error TS2307: Cannot find module '@modelcontextprotocol/sdk/types.js' or its corresponding type declarations.
src/constants/tool/mittwald/conversation/file-upload-request.ts(1,27): error TS2307: Cannot find module '@modelcontextprotocol/sdk/types.js' or its corresponding type declarations.
src/constants/tool/mittwald/conversation/members-get.ts(1,27): error TS2307: Cannot find module '@modelcontextprotocol/sdk/types.js' or its corresponding type declarations.
src/constants/tool/mittwald/conversation/message-create.ts(1,27): error TS2307: Cannot find module '@modelcontextprotocol/sdk/types.js' or its corresponding type declarations.
src/constants/tool/mittwald/conversation/message-list.ts(1,27): error TS2307: Cannot find module '@modelcontextprotocol/sdk/types.js' or its corresponding type declarations.
src/constants/tool/mittwald/conversation/message-update.ts(1,27): error TS2307: Cannot find module '@modelcontextprotocol/sdk/types.js' or its corresponding type declarations.
src/constants/tool/mittwald/conversation/status-set.ts(1,27): error TS2307: Cannot find module '@modelcontextprotocol/sdk/types.js' or its corresponding type declarations.
src/constants/tool/mittwald/cronjob/index.ts(10,27): error TS2307: Cannot find module '@modelcontextprotocol/sdk/types.js' or its corresponding type declarations.
src/constants/tool/mittwald/customer/customer-contracts.ts(6,27): error TS2307: Cannot find module '@modelcontextprotocol/sdk/types.js' or its corresponding type declarations.
src/constants/tool/mittwald/customer/customer-invitations.ts(6,27): error TS2307: Cannot find module '@modelcontextprotocol/sdk/types.js' or its corresponding type declarations.
src/constants/tool/mittwald/customer/customer-management.ts(6,27): error TS2307: Cannot find module '@modelcontextprotocol/sdk/types.js' or its corresponding type declarations.
src/constants/tool/mittwald/customer/customer-misc.ts(6,27): error TS2307: Cannot find module '@modelcontextprotocol/sdk/types.js' or its corresponding type declarations.
src/constants/tool/mittwald/customer/customer-profile.ts(6,27): error TS2307: Cannot find module '@modelcontextprotocol/sdk/types.js' or its corresponding type declarations.
src/constants/tool/mittwald/database/app-database.ts(1,27): error TS2307: Cannot find module '@modelcontextprotocol/sdk/types.js' or its corresponding type declarations.
src/constants/tool/mittwald/database/mysql-users.ts(1,27): error TS2307: Cannot find module '@modelcontextprotocol/sdk/types.js' or its corresponding type declarations.
src/constants/tool/mittwald/database/mysql.ts(1,27): error TS2307: Cannot find module '@modelcontextprotocol/sdk/types.js' or its corresponding type declarations.
src/constants/tool/mittwald/database/redis.ts(1,27): error TS2307: Cannot find module '@modelcontextprotocol/sdk/types.js' or its corresponding type declarations.
src/constants/tool/mittwald/domain/domain-dns.ts(6,27): error TS2307: Cannot find module '@modelcontextprotocol/sdk/types.js' or its corresponding type declarations.
src/constants/tool/mittwald/domain/domain-management.ts(6,27): error TS2307: Cannot find module '@modelcontextprotocol/sdk/types.js' or its corresponding type declarations.
src/constants/tool/mittwald/domain/domain-ownership.ts(6,27): error TS2307: Cannot find module '@modelcontextprotocol/sdk/types.js' or its corresponding type declarations.
src/constants/tool/mittwald/file/index.ts(10,27): error TS2307: Cannot find module '@modelcontextprotocol/sdk/types.js' or its corresponding type declarations.
src/constants/tool/mittwald/filesystem/index.ts(11,27): error TS2307: Cannot find module '@modelcontextprotocol/sdk/types.js' or its corresponding type declarations.
src/constants/tool/mittwald/mail/delivery-boxes.ts(1,27): error TS2307: Cannot find module '@modelcontextprotocol/sdk/types.js' or its corresponding type declarations.
src/constants/tool/mittwald/mail/mail-addresses.ts(1,27): error TS2307: Cannot find module '@modelcontextprotocol/sdk/types.js' or its corresponding type declarations.
src/constants/tool/mittwald/mail/mail-settings.ts(1,27): error TS2307: Cannot find module '@modelcontextprotocol/sdk/types.js' or its corresponding type declarations.
src/constants/tool/mittwald/marketplace/contributor-management.ts(1,22): error TS2307: Cannot find module '@modelcontextprotocol/sdk/types.js' or its corresponding type declarations.
src/constants/tool/mittwald/marketplace/extension-instance-management.ts(1,22): error TS2307: Cannot find module '@modelcontextprotocol/sdk/types.js' or its corresponding type declarations.
src/constants/tool/mittwald/marketplace/extension-management.ts(1,22): error TS2307: Cannot find module '@modelcontextprotocol/sdk/types.js' or its corresponding type declarations.
src/constants/tool/mittwald/marketplace/marketplace-utilities.ts(1,22): error TS2307: Cannot find module '@modelcontextprotocol/sdk/types.js' or its corresponding type declarations.
src/constants/tool/mittwald/miscellaneous/index.ts(10,27): error TS2307: Cannot find module '@modelcontextprotocol/sdk/types.js' or its corresponding type declarations.
src/constants/tool/mittwald/notification/notification-list.ts(1,27): error TS2307: Cannot find module '@modelcontextprotocol/sdk/types.js' or its corresponding type declarations.
src/constants/tool/mittwald/notification/notification-mark-all-read.ts(1,27): error TS2307: Cannot find module '@modelcontextprotocol/sdk/types.js' or its corresponding type declarations.
src/constants/tool/mittwald/notification/notification-mark-read.ts(1,27): error TS2307: Cannot find module '@modelcontextprotocol/sdk/types.js' or its corresponding type declarations.
src/constants/tool/mittwald/notification/notification-unread-counts.ts(1,27): error TS2307: Cannot find module '@modelcontextprotocol/sdk/types.js' or its corresponding type declarations.
src/constants/tool/mittwald/project/project-invitation.ts(1,27): error TS2307: Cannot find module '@modelcontextprotocol/sdk/types.js' or its corresponding type declarations.
src/constants/tool/mittwald/project/project-management.ts(1,27): error TS2307: Cannot find module '@modelcontextprotocol/sdk/types.js' or its corresponding type declarations.
src/constants/tool/mittwald/project/project-membership.ts(1,27): error TS2307: Cannot find module '@modelcontextprotocol/sdk/types.js' or its corresponding type declarations.
src/constants/tool/mittwald/project/project-resources.ts(1,27): error TS2307: Cannot find module '@modelcontextprotocol/sdk/types.js' or its corresponding type declarations.
src/constants/tool/mittwald/ssh-backup/backup-schedules.ts(6,27): error TS2307: Cannot find module '@modelcontextprotocol/sdk/types.js' or its corresponding type declarations.
src/constants/tool/mittwald/ssh-backup/backups.ts(6,27): error TS2307: Cannot find module '@modelcontextprotocol/sdk/types.js' or its corresponding type declarations.
src/constants/tool/mittwald/ssh-backup/sftp-users.ts(6,27): error TS2307: Cannot find module '@modelcontextprotocol/sdk/types.js' or its corresponding type declarations.
src/constants/tool/mittwald/ssh-backup/ssh-keys.ts(6,27): error TS2307: Cannot find module '@modelcontextprotocol/sdk/types.js' or its corresponding type declarations.
src/constants/tool/mittwald/ssh-backup/ssh-users.ts(6,27): error TS2307: Cannot find module '@modelcontextprotocol/sdk/types.js' or its corresponding type declarations.
src/constants/tool/mittwald/user/api-tokens.ts(6,27): error TS2307: Cannot find module '@modelcontextprotocol/sdk/types.js' or its corresponding type declarations.
src/constants/tool/mittwald/user/auth.ts(6,27): error TS2307: Cannot find module '@modelcontextprotocol/sdk/types.js' or its corresponding type declarations.
src/constants/tool/mittwald/user/email.ts(6,27): error TS2307: Cannot find module '@modelcontextprotocol/sdk/types.js' or its corresponding type declarations.
src/constants/tool/mittwald/user/mfa.ts(6,27): error TS2307: Cannot find module '@modelcontextprotocol/sdk/types.js' or its corresponding type declarations.
src/constants/tool/mittwald/user/password.ts(6,27): error TS2307: Cannot find module '@modelcontextprotocol/sdk/types.js' or its corresponding type declarations.
src/constants/tool/mittwald/user/phone.ts(6,27): error TS2307: Cannot find module '@modelcontextprotocol/sdk/types.js' or its corresponding type declarations.
src/constants/tool/mittwald/user/profile.ts(6,27): error TS2307: Cannot find module '@modelcontextprotocol/sdk/types.js' or its corresponding type declarations.
src/constants/tool/mittwald/user/session.ts(6,27): error TS2307: Cannot find module '@modelcontextprotocol/sdk/types.js' or its corresponding type declarations.
src/constants/tool/mittwald/user/ssh-keys.ts(6,27): error TS2307: Cannot find module '@modelcontextprotocol/sdk/types.js' or its corresponding type declarations.
src/constants/tool/mittwald/user/support.ts(6,27): error TS2307: Cannot find module '@modelcontextprotocol/sdk/types.js' or its corresponding type declarations.
src/constants/tool/search-reddit.ts(1,27): error TS2307: Cannot find module '@modelcontextprotocol/sdk/types.js' or its corresponding type declarations.
src/constants/tool/validation-example.ts(6,34): error TS2307: Cannot find module 'json-schema' or its corresponding type declarations.
src/constants/tools.ts(13,27): error TS2307: Cannot find module '@modelcontextprotocol/sdk/types.js' or its corresponding type declarations.
src/handlers/callbacks/suggest-action.ts(1,55): error TS2307: Cannot find module '@modelcontextprotocol/sdk/types.js' or its corresponding type declarations.
src/handlers/notifications.ts(1,41): error TS2307: Cannot find module '@modelcontextprotocol/sdk/types.js' or its corresponding type declarations.
src/handlers/notifications.ts(2,24): error TS2307: Cannot find module '@modelcontextprotocol/sdk/server/index.js' or its corresponding type declarations.
src/handlers/notifications.ts(109,5): error TS2584: Cannot find name 'console'. Do you need to change your target library? Try changing the 'lib' compiler option to include 'dom'.
src/handlers/notifications.ts(117,7): error TS2584: Cannot find name 'console'. Do you need to change your target library? Try changing the 'lib' compiler option to include 'dom'.
src/handlers/notifications.ts(124,7): error TS2584: Cannot find name 'console'. Do you need to change your target library? Try changing the 'lib' compiler option to include 'dom'.
src/handlers/notifications.ts(132,5): error TS2584: Cannot find name 'console'. Do you need to change your target library? Try changing the 'lib' compiler option to include 'dom'.
src/handlers/notifications.ts(138,7): error TS2584: Cannot find name 'console'. Do you need to change your target library? Try changing the 'lib' compiler option to include 'dom'.
src/handlers/prompt-handlers.ts(12,8): error TS2307: Cannot find module '@modelcontextprotocol/sdk/types.js' or its corresponding type declarations.
src/handlers/prompt-handlers.ts(103,25): error TS2339: Property 'description' does not exist on type 'SamplingPrompt'.
src/handlers/resource-handlers.ts(1,31): error TS2307: Cannot find module '@modelcontextprotocol/sdk/server/auth/types.js' or its corresponding type declarations.
src/handlers/resource-handlers.ts(6,8): error TS2307: Cannot find module '@modelcontextprotocol/sdk/types.js' or its corresponding type declarations.
src/handlers/resource-handlers.ts(175,19): error TS2580: Cannot find name 'process'. Do you need to install type definitions for node? Try `npm i --save-dev @types/node`.
src/handlers/resource-handlers.ts(176,21): error TS2580: Cannot find name 'process'. Do you need to install type definitions for node? Try `npm i --save-dev @types/node`.
src/handlers/resource-handlers.ts(177,24): error TS2580: Cannot find name 'process'. Do you need to install type definitions for node? Try `npm i --save-dev @types/node`.
src/handlers/resource-handlers.ts(180,28): error TS2580: Cannot find name 'process'. Do you need to install type definitions for node? Try `npm i --save-dev @types/node`.
src/handlers/resource-handlers.ts(181,29): error TS2580: Cannot find name 'process'. Do you need to install type definitions for node? Try `npm i --save-dev @types/node`.
src/handlers/resource-handlers.ts(185,22): error TS2580: Cannot find name 'process'. Do you need to install type definitions for node? Try `npm i --save-dev @types/node`.
src/handlers/sampling.ts(29,64): error TS2307: Cannot find module '@modelcontextprotocol/sdk/types.js' or its corresponding type declarations.
src/handlers/sampling.ts(30,19): error TS2307: Cannot find module 'zod' or its corresponding type declarations.
src/handlers/sampling.ts(161,48): error TS18046: 'error' is of type 'unknown'.
src/handlers/tool-handlers.ts(18,8): error TS2307: Cannot find module '@modelcontextprotocol/sdk/types.js' or its corresponding type declarations.
src/handlers/tool-handlers.ts(19,19): error TS2307: Cannot find module 'zod' or its corresponding type declarations.
src/handlers/tool-handlers.ts(992,29): error TS18046: 'error' is of type 'unknown'.
src/handlers/tool-handlers.ts(992,46): error TS7006: Parameter 'e' implicitly has an 'any' type.
src/handlers/tool-handlers.ts(994,17): error TS18046: 'error' is of type 'unknown'.
src/handlers/tool-handlers.ts(1095,19): error TS18046: 'error' is of type 'unknown'.
src/handlers/tool-handlers.ts(1098,83): error TS18046: 'error' is of type 'unknown'.
src/handlers/tools/elicitation-example.ts(21,37): error TS2307: Cannot find module '@modelcontextprotocol/sdk/types.js' or its corresponding type declarations.
src/handlers/tools/logging.ts(17,37): error TS2307: Cannot find module '@modelcontextprotocol/sdk/types.js' or its corresponding type declarations.
src/handlers/tools/logging.ts(109,5): error TS2584: Cannot find name 'console'. Do you need to change your target library? Try changing the 'lib' compiler option to include 'dom'.
src/handlers/tools/mittwald/customer/customer-contracts.ts(7,37): error TS2307: Cannot find module '@modelcontextprotocol/sdk/types.js' or its corresponding type declarations.
src/handlers/tools/mittwald/customer/customer-invitations.ts(8,37): error TS2307: Cannot find module '@modelcontextprotocol/sdk/types.js' or its corresponding type declarations.
src/handlers/tools/mittwald/customer/customer-management.ts(8,37): error TS2307: Cannot find module '@modelcontextprotocol/sdk/types.js' or its corresponding type declarations.
src/handlers/tools/mittwald/customer/customer-misc.ts(7,37): error TS2307: Cannot find module '@modelcontextprotocol/sdk/types.js' or its corresponding type declarations.
src/handlers/tools/mittwald/customer/customer-profile.ts(8,37): error TS2307: Cannot find module '@modelcontextprotocol/sdk/types.js' or its corresponding type declarations.
src/handlers/tools/mittwald/domain/domain-dns.ts(6,19): error TS2307: Cannot find module 'zod' or its corresponding type declarations.
src/handlers/tools/mittwald/domain/domain-management.ts(6,19): error TS2307: Cannot find module 'zod' or its corresponding type declarations.
src/handlers/tools/mittwald/domain/domain-ownership.ts(6,19): error TS2307: Cannot find module 'zod' or its corresponding type declarations.
src/handlers/tools/mittwald/marketplace/contributor-management.ts(1,32): error TS2307: Cannot find module '@modelcontextprotocol/sdk/types.js' or its corresponding type declarations.
src/handlers/tools/mittwald/marketplace/extension-instance-management.ts(1,32): error TS2307: Cannot find module '@modelcontextprotocol/sdk/types.js' or its corresponding type declarations.
src/handlers/tools/mittwald/marketplace/extension-management.ts(1,32): error TS2307: Cannot find module '@modelcontextprotocol/sdk/types.js' or its corresponding type declarations.
src/handlers/tools/mittwald/marketplace/extension-management.ts(439,24): error TS2580: Cannot find name 'Buffer'. Do you need to install type definitions for node? Try `npm i --save-dev @types/node`.
src/handlers/tools/mittwald/marketplace/extension-management.ts(561,27): error TS2580: Cannot find name 'Buffer'. Do you need to install type definitions for node? Try `npm i --save-dev @types/node`.
src/handlers/tools/mittwald/marketplace/marketplace-utilities.ts(1,32): error TS2307: Cannot find module '@modelcontextprotocol/sdk/types.js' or its corresponding type declarations.
src/handlers/tools/mittwald/miscellaneous/index.ts(186,5): error TS2584: Cannot find name 'console'. Do you need to change your target library? Try changing the 'lib' compiler option to include 'dom'.
src/handlers/tools/mittwald/types.ts(1,37): error TS2307: Cannot find module '@modelcontextprotocol/sdk/types.js' or its corresponding type declarations.
src/handlers/tools/mittwald/user/api-tokens.ts(7,37): error TS2307: Cannot find module '@modelcontextprotocol/sdk/types.js' or its corresponding type declarations.
src/handlers/tools/mittwald/user/auth.ts(7,37): error TS2307: Cannot find module '@modelcontextprotocol/sdk/types.js' or its corresponding type declarations.
src/handlers/tools/mittwald/user/email.ts(7,37): error TS2307: Cannot find module '@modelcontextprotocol/sdk/types.js' or its corresponding type declarations.
src/handlers/tools/mittwald/user/password.ts(7,37): error TS2307: Cannot find module '@modelcontextprotocol/sdk/types.js' or its corresponding type declarations.
src/handlers/tools/mittwald/user/profile.ts(7,37): error TS2307: Cannot find module '@modelcontextprotocol/sdk/types.js' or its corresponding type declarations.
src/handlers/tools/mittwald/user/session.ts(7,37): error TS2307: Cannot find module '@modelcontextprotocol/sdk/types.js' or its corresponding type declarations.
src/handlers/tools/mittwald/user/unified-handler.ts(7,37): error TS2307: Cannot find module '@modelcontextprotocol/sdk/types.js' or its corresponding type declarations.
src/handlers/tools/sampling-example.ts(21,59): error TS2307: Cannot find module '@modelcontextprotocol/sdk/types.js' or its corresponding type declarations.
src/handlers/tools/structured-data-example.ts(19,37): error TS2307: Cannot find module '@modelcontextprotocol/sdk/types.js' or its corresponding type declarations.
src/handlers/tools/types.ts(1,37): error TS2307: Cannot find module '@modelcontextprotocol/sdk/types.js' or its corresponding type declarations.
src/handlers/tools/validation-example.ts(6,34): error TS2307: Cannot find module 'json-schema' or its corresponding type declarations.
src/handlers/tools/validation-example.ts(9,17): error TS2307: Cannot find module 'ajv' or its corresponding type declarations.
src/handlers/tools/validation-example.ts(10,24): error TS2307: Cannot find module 'ajv-formats' or its corresponding type declarations.
src/handlers/tools/validation-example.ts(107,38): error TS7006: Parameter 'err' implicitly has an 'any' type.
src/index.ts(23,20): error TS2307: Cannot find module 'dotenv' or its corresponding type declarations.
src/index.ts(34,25): error TS7006: Parameter 'error' implicitly has an 'any' type.
src/index.ts(35,7): error TS2584: Cannot find name 'console'. Do you need to change your target library? Try changing the 'lib' compiler option to include 'dom'.
src/index.ts(36,7): error TS2580: Cannot find name 'process'. Do you need to install type definitions for node? Try `npm i --save-dev @types/node`.
src/index.ts(39,5): error TS2584: Cannot find name 'console'. Do you need to change your target library? Try changing the 'lib' compiler option to include 'dom'.
src/index.ts(40,5): error TS2580: Cannot find name 'process'. Do you need to install type definitions for node? Try `npm i --save-dev @types/node`.
src/server.ts(27,21): error TS2307: Cannot find module 'express' or its corresponding type declarations.
src/server.ts(28,18): error TS2307: Cannot find module 'cors' or its corresponding type declarations.
src/server.ts(29,26): error TS2307: Cannot find module 'cookie-parser' or its corresponding type declarations.
src/server.ts(30,20): error TS2307: Cannot find module 'crypto' or its corresponding type declarations.
src/server.ts(39,23): error TS7017: Element implicitly has an 'any' type because type 'typeof globalThis' has no index signature.
src/server.ts(63,5): error TS2584: Cannot find name 'console'. Do you need to change your target library? Try changing the 'lib' compiler option to include 'dom'.
src/server.ts(93,12): error TS7006: Parameter 'req' implicitly has an 'any' type.
src/server.ts(93,17): error TS7006: Parameter 'res' implicitly has an 'any' type.
src/server.ts(93,22): error TS7006: Parameter 'next' implicitly has an 'any' type.
src/server.ts(97,33): error TS7006: Parameter 'err' implicitly has an 'any' type.
src/server.ts(116,23): error TS7006: Parameter '_' implicitly has an 'any' type.
src/server.ts(116,26): error TS7006: Parameter 'res' implicitly has an 'any' type.
src/server.ts(130,34): error TS7006: Parameter '_req' implicitly has an 'any' type.
src/server.ts(130,40): error TS7006: Parameter 'res' implicitly has an 'any' type.
src/server.ts(158,17): error TS7006: Parameter 'req' implicitly has an 'any' type.
src/server.ts(158,22): error TS7006: Parameter 'res' implicitly has an 'any' type.
src/server.ts(205,5): error TS2584: Cannot find name 'console'. Do you need to change your target library? Try changing the 'lib' compiler option to include 'dom'.
src/server.ts(207,7): error TS2584: Cannot find name 'console'. Do you need to change your target library? Try changing the 'lib' compiler option to include 'dom'.
src/server.ts(209,5): error TS2584: Cannot find name 'console'. Do you need to change your target library? Try changing the 'lib' compiler option to include 'dom'.
src/server.ts(210,5): error TS2584: Cannot find name 'console'. Do you need to change your target library? Try changing the 'lib' compiler option to include 'dom'.
src/server.ts(212,7): error TS2584: Cannot find name 'console'. Do you need to change your target library? Try changing the 'lib' compiler option to include 'dom'.
src/server.ts(218,1): error TS2580: Cannot find name 'process'. Do you need to install type definitions for node? Try `npm i --save-dev @types/node`.
src/server.ts(219,3): error TS2584: Cannot find name 'console'. Do you need to change your target library? Try changing the 'lib' compiler option to include 'dom'.
src/server.ts(220,3): error TS2580: Cannot find name 'process'. Do you need to install type definitions for node? Try `npm i --save-dev @types/node`.
src/server.ts(223,1): error TS2580: Cannot find name 'process'. Do you need to install type definitions for node? Try `npm i --save-dev @types/node`.
src/server.ts(224,3): error TS2584: Cannot find name 'console'. Do you need to change your target library? Try changing the 'lib' compiler option to include 'dom'.
src/server.ts(225,3): error TS2580: Cannot find name 'process'. Do you need to install type definitions for node? Try `npm i --save-dev @types/node`.
src/server/bypass-auth.ts(1,21): error TS2307: Cannot find module 'express' or its corresponding type declarations.
src/server/config.ts(23,20): error TS2307: Cannot find module 'dotenv' or its corresponding type declarations.
src/server/config.ts(67,21): error TS2580: Cannot find name 'process'. Do you need to install type definitions for node? Try `npm i --save-dev @types/node`.
src/server/config.ts(68,25): error TS2580: Cannot find name 'process'. Do you need to install type definitions for node? Try `npm i --save-dev @types/node`.
src/server/config.ts(69,15): error TS2580: Cannot find name 'process'. Do you need to install type definitions for node? Try `npm i --save-dev @types/node`.
src/server/config.ts(71,5): error TS2580: Cannot find name 'process'. Do you need to install type definitions for node? Try `npm i --save-dev @types/node`.
src/server/config.ts(72,6): error TS2580: Cannot find name 'process'. Do you need to install type definitions for node? Try `npm i --save-dev @types/node`.
src/server/config.ts(74,29): error TS2580: Cannot find name 'process'. Do you need to install type definitions for node? Try `npm i --save-dev @types/node`.
src/server/config.ts(76,5): error TS2580: Cannot find name 'process'. Do you need to install type definitions for node? Try `npm i --save-dev @types/node`.
src/server/config.ts(77,8): error TS2580: Cannot find name 'process'. Do you need to install type definitions for node? Try `npm i --save-dev @types/node`.
src/server/config.ts(77,56): error TS2580: Cannot find name 'process'. Do you need to install type definitions for node? Try `npm i --save-dev @types/node`.
src/server/config.ts(78,9): error TS2580: Cannot find name 'process'. Do you need to install type definitions for node? Try `npm i --save-dev @types/node`.
src/server/config.ts(88,22): error TS2580: Cannot find name 'process'. Do you need to install type definitions for node? Try `npm i --save-dev @types/node`.
src/server/config.ts(97,20): error TS2580: Cannot find name 'process'. Do you need to install type definitions for node? Try `npm i --save-dev @types/node`.
src/server/config.ts(99,23): error TS2580: Cannot find name 'process'. Do you need to install type definitions for node? Try `npm i --save-dev @types/node`.
src/server/config.ts(100,26): error TS2580: Cannot find name 'process'. Do you need to install type definitions for node? Try `npm i --save-dev @types/node`.
src/server/config.ts(101,25): error TS2580: Cannot find name 'process'. Do you need to install type definitions for node? Try `npm i --save-dev @types/node`.
src/server/config.ts(107,31): error TS2580: Cannot find name 'process'. Do you need to install type definitions for node? Try `npm i --save-dev @types/node`.
src/server/mcp.ts(12,21): error TS2307: Cannot find module 'express' or its corresponding type declarations.
src/server/mcp.ts(13,24): error TS2307: Cannot find module '@modelcontextprotocol/sdk/server/index.js' or its corresponding type declarations.
src/server/mcp.ts(14,47): error TS2307: Cannot find module '@modelcontextprotocol/sdk/server/streamableHttp.js' or its corresponding type declarations.
src/server/mcp.ts(23,8): error TS2307: Cannot find module '@modelcontextprotocol/sdk/types.js' or its corresponding type declarations.
src/server/mcp.ts(68,28): error TS2503: Cannot find namespace 'NodeJS'.
src/server/mcp.ts(72,28): error TS2304: Cannot find name 'setInterval'.
src/server/mcp.ts(88,55): error TS7006: Parameter 'request' implicitly has an 'any' type.
src/server/mcp.ts(93,54): error TS7006: Parameter 'request' implicitly has an 'any' type.
src/server/mcp.ts(101,9): error TS2322: Type '{ token: string; clientId: string; scopes: string[]; extra: { userId: string; redditAccessToken: string; redditRefreshToken: string; }; }' is not assignable to type 'RedditAuthInfo'.
  Object literal may only specify known properties, and 'token' does not exist in type 'RedditAuthInfo'.
src/server/mcp.ts(120,55): error TS7006: Parameter 'request' implicitly has an 'any' type.
src/server/mcp.ts(131,58): error TS7006: Parameter 'request' implicitly has an 'any' type.
src/server/mcp.ts(151,59): error TS7006: Parameter 'request' implicitly has an 'any' type.
src/server/mcp.ts(174,40): error TS7006: Parameter 'req' implicitly has an 'any' type.
src/server/mcp.ts(174,45): error TS7006: Parameter 'res' implicitly has an 'any' type.
src/server/mcp.ts(188,14): error TS2339: Property 'headers' does not exist on type 'AuthenticatedRequest'.
src/server/mcp.ts(188,59): error TS2339: Property 'headers' does not exist on type 'AuthenticatedRequest'.
src/server/mcp.ts(207,34): error TS7006: Parameter 'sid' implicitly has an 'any' type.
src/server/mcp.ts(365,7): error TS2304: Cannot find name 'clearInterval'.
src/server/middleware.ts(1,49): error TS2307: Cannot find module 'express' or its corresponding type declarations.
src/server/middleware.ts(104,1): error TS2304: Cannot find name 'setInterval'.
src/server/oauth.ts(1,21): error TS2307: Cannot find module 'express' or its corresponding type declarations.
src/server/oauth.ts(2,41): error TS2307: Cannot find module 'crypto' or its corresponding type declarations.
src/server/oauth.ts(3,36): error TS2307: Cannot find module 'jose' or its corresponding type declarations.
src/server/oauth.ts(4,31): error TS2307: Cannot find module '@modelcontextprotocol/sdk/server/auth/types.js' or its corresponding type declarations.
src/server/oauth.ts(85,26): error TS2304: Cannot find name 'TextEncoder'.
src/server/oauth.ts(145,30): error TS2339: Property 'headers' does not exist on type 'AuthenticatedRequest'.
src/server/oauth.ts(149,17): error TS2339: Property 'method' does not exist on type 'AuthenticatedRequest'.
src/server/oauth.ts(149,41): error TS2339: Property 'headers' does not exist on type 'AuthenticatedRequest'.
src/server/oauth.ts(163,40): error TS2339: Property 'get' does not exist on type 'AuthenticatedRequest'.
src/server/oauth.ts(184,17): error TS2339: Property 'method' does not exist on type 'AuthenticatedRequest'.
src/server/oauth.ts(184,41): error TS2339: Property 'headers' does not exist on type 'AuthenticatedRequest'.
src/server/oauth.ts(217,57): error TS7006: Parameter '_req' implicitly has an 'any' type.
src/server/oauth.ts(217,63): error TS7006: Parameter 'res' implicitly has an 'any' type.
src/server/oauth.ts(243,55): error TS7006: Parameter '_req' implicitly has an 'any' type.
src/server/oauth.ts(243,61): error TS7006: Parameter 'res' implicitly has an 'any' type.
src/server/oauth.ts(262,50): error TS7006: Parameter 'req' implicitly has an 'any' type.
src/server/oauth.ts(262,55): error TS7006: Parameter 'res' implicitly has an 'any' type.
src/server/oauth.ts(281,29): error TS2304: Cannot find name 'URL'.
src/server/oauth.ts(337,34): error TS7006: Parameter 'req' implicitly has an 'any' type.
src/server/oauth.ts(337,39): error TS7006: Parameter 'res' implicitly has an 'any' type.
src/server/oauth.ts(375,25): error TS2304: Cannot find name 'URL'.
src/server/oauth.ts(418,7): error TS2304: Cannot find name 'setTimeout'.
src/server/oauth.ts(424,34): error TS2304: Cannot find name 'URL'.
src/server/oauth.ts(446,37): error TS7006: Parameter 'req' implicitly has an 'any' type.
src/server/oauth.ts(446,42): error TS7006: Parameter 'res' implicitly has an 'any' type.
src/server/oauth.ts(543,9): error TS2584: Cannot find name 'console'. Do you need to change your target library? Try changing the 'lib' compiler option to include 'dom'.
src/server/oauth.ts(563,46): error TS7006: Parameter 'req' implicitly has an 'any' type.
src/server/oauth.ts(563,51): error TS7006: Parameter 'res' implicitly has an 'any' type.
src/server/oauth.ts(602,36): error TS2304: Cannot find name 'fetch'.
src/server/oauth.ts(634,33): error TS2304: Cannot find name 'URL'.
src/server/oauth.ts(640,9): error TS2584: Cannot find name 'console'. Do you need to change your target library? Try changing the 'lib' compiler option to include 'dom'.
src/server/oauth.ts(703,18): error TS2580: Cannot find name 'Buffer'. Do you need to install type definitions for node? Try `npm i --save-dev @types/node`.
src/server/oauth.ts(707,28): error TS2304: Cannot find name 'fetch'.
src/server/oauth.ts(714,17): error TS2304: Cannot find name 'URLSearchParams'.
src/server/types.ts(1,24): error TS2307: Cannot find module '@modelcontextprotocol/sdk/server/index.js' or its corresponding type declarations.
src/server/types.ts(2,52): error TS2307: Cannot find module '@modelcontextprotocol/sdk/server/streamableHttp.js' or its corresponding type declarations.
src/services/mittwald/mittwald-client.ts(1,37): error TS2307: Cannot find module '@mittwald/api-client' or its corresponding type declarations.
src/services/mittwald/mittwald-client.ts(47,7): error TS2584: Cannot find name 'console'. Do you need to change your target library? Try changing the 'lib' compiler option to include 'dom'.
src/services/mittwald/mittwald-client.ts(64,7): error TS2584: Cannot find name 'console'. Do you need to change your target library? Try changing the 'lib' compiler option to include 'dom'.
src/services/reddit/reddit-auth-service.ts(170,28): error TS2304: Cannot find name 'fetch'.
src/services/reddit/reddit-auth-service.ts(209,28): error TS2304: Cannot find name 'fetch'.
src/services/reddit/reddit-auth-service.ts(257,18): error TS2580: Cannot find name 'Buffer'. Do you need to install type definitions for node? Try `npm i --save-dev @types/node`.
src/services/reddit/reddit-auth-service.ts(261,28): error TS2304: Cannot find name 'fetch'.
src/services/reddit/reddit-fetch-service.ts(95,61): error TS2304: Cannot find name 'RequestInit'.
src/services/reddit/reddit-fetch-service.ts(95,61): error TS4073: Parameter 'options' of public method from exported class has or is using private name 'RequestInit'.
src/services/reddit/reddit-fetch-service.ts(99,36): error TS2304: Cannot find name 'setTimeout'.
src/services/reddit/reddit-fetch-service.ts(101,28): error TS2304: Cannot find name 'fetch'.
src/services/reddit/reddit-fetch-service.ts(121,40): error TS2304: Cannot find name 'setTimeout'.
src/services/reddit/reddit-post-service.ts(228,26): error TS2304: Cannot find name 'URLSearchParams'.
src/services/reddit/reddit-post-service.ts(408,26): error TS2304: Cannot find name 'URLSearchParams'.
src/services/reddit/reddit-post-service.ts(457,28): error TS2304: Cannot find name 'URLSearchParams'.
src/services/reddit/reddit-post-service.ts(475,26): error TS2304: Cannot find name 'URLSearchParams'.
src/services/reddit/reddit-post-service.ts(572,24): error TS2304: Cannot find name 'URLSearchParams'.
src/services/reddit/reddit-post-service.ts(594,28): error TS2304: Cannot find name 'URLSearchParams'.
src/services/reddit/reddit-post-service.ts(621,19): error TS2304: Cannot find name 'URLSearchParams'.
src/services/reddit/reddit-post-service.ts(683,28): error TS2304: Cannot find name 'URLSearchParams'.
src/services/reddit/reddit-service.ts(195,24): error TS2580: Cannot find name 'process'. Do you need to install type definitions for node? Try `npm i --save-dev @types/node`.
src/services/reddit/reddit-service.ts(196,28): error TS2580: Cannot find name 'process'. Do you need to install type definitions for node? Try `npm i --save-dev @types/node`.
src/services/reddit/reddit-service.ts(305,22): error TS2580: Cannot find name 'process'. Do you need to install type definitions for node? Try `npm i --save-dev @types/node`.
src/services/reddit/reddit-service.ts(306,26): error TS2580: Cannot find name 'process'. Do you need to install type definitions for node? Try `npm i --save-dev @types/node`.
src/services/reddit/reddit-service.ts(307,26): error TS2580: Cannot find name 'process'. Do you need to install type definitions for node? Try `npm i --save-dev @types/node`.
src/services/reddit/reddit-service.ts(308,22): error TS2580: Cannot find name 'process'. Do you need to install type definitions for node? Try `npm i --save-dev @types/node`.
src/services/reddit/reddit-service.ts(321,16): error TS2580: Cannot find name 'process'. Do you need to install type definitions for node? Try `npm i --save-dev @types/node`.
src/services/reddit/reddit-service.ts(322,19): error TS2580: Cannot find name 'process'. Do you need to install type definitions for node? Try `npm i --save-dev @types/node`.
src/services/reddit/reddit-service.ts(767,7): error TS2584: Cannot find name 'console'. Do you need to change your target library? Try changing the 'lib' compiler option to include 'dom'.
src/types/mittwald/container.ts(7,36): error TS2307: Cannot find module '@mittwald/api-client' or its corresponding type declarations.
src/types/mittwald/conversation.ts(1,37): error TS2307: Cannot find module '@modelcontextprotocol/sdk/types.js' or its corresponding type declarations.
src/types/mittwald/customer.ts(6,36): error TS2307: Cannot find module '@mittwald/api-client' or its corresponding type declarations.
src/types/mittwald/project.ts(133,9): error TS2580: Cannot find name 'Buffer'. Do you need to install type definitions for node? Try `npm i --save-dev @types/node`.
src/types/mittwald/project.ts(133,9): error TS4033: Property 'file' of exported interface has or is using private name 'Buffer'.
src/types/request-context.ts(13,31): error TS2307: Cannot find module '@modelcontextprotocol/sdk/server/auth/types.js' or its corresponding type declarations.
src/types/sampling-schemas.ts(14,34): error TS2307: Cannot find module 'json-schema' or its corresponding type declarations.
src/types/sampling.ts(13,44): error TS2307: Cannot find module '@modelcontextprotocol/sdk/types.js' or its corresponding type declarations.
src/utils/format-tool-response.ts(1,37): error TS2307: Cannot find module '@modelcontextprotocol/sdk/types.js' or its corresponding type declarations.
src/utils/logger.ts(48,9): error TS2580: Cannot find name 'process'. Do you need to install type definitions for node? Try `npm i --save-dev @types/node`.
src/utils/logger.ts(49,7): error TS2584: Cannot find name 'console'. Do you need to change your target library? Try changing the 'lib' compiler option to include 'dom'.
src/utils/logger.ts(64,5): error TS2584: Cannot find name 'console'. Do you need to change your target library? Try changing the 'lib' compiler option to include 'dom'.
src/utils/logger.ts(78,5): error TS2584: Cannot find name 'console'. Do you need to change your target library? Try changing the 'lib' compiler option to include 'dom'.
src/utils/logger.ts(92,5): error TS2584: Cannot find name 'console'. Do you need to change your target library? Try changing the 'lib' compiler option to include 'dom'.
src/utils/reddit-transformers.ts(17,19): error TS2307: Cannot find module 'zod' or its corresponding type declarations.
